// Jest Snapshot v1, https://goo.gl/fbAQLP

exports[`PlansList should match snapshot 1`] = `ShallowWrapper {}`;
